[2026-04-10T17:30:15.205Z] cwd=/Users/astahmer/dev/work-related/welii
jj root
[2026-04-10T17:30:15.218Z] cwd=/Users/astahmer/dev/work-related/welii
git ls-files --cached --others --exclude-standard -z
[2026-04-10T17:30:15.262Z] cwd=/Users/astahmer/dev/work-related/welii
jj log --no-graph --limit 200 -T 'commit_id.short() ++ "\t" ++ change_id.shortest() ++ "\t" ++ author.timestamp().format("%Y-%m-%dT%H:%M:%S%:z") ++ "\t" ++ author.name() ++ "\t" ++ description.first_line() ++ "\n"' 'root-file:"apps/backend/instructions/lazy-di-rollout-plan.md"'
[2026-04-10T17:30:15.919Z] cwd=/Users/astahmer/dev/work-related/welii
jj log --no-graph --limit 200 -T 'commit_id.short() ++ "\t" ++ change_id.shortest() ++ "\t" ++ author.timestamp().format("%Y-%m-%dT%H:%M:%S%:z") ++ "\t" ++ author.name() ++ "\t" ++ description.first_line() ++ "\n"'
[2026-04-10T17:30:15.988Z] cwd=/Users/astahmer/dev/work-related/welii
jj file show -r 76653bbe5d47 apps/backend/instructions/lazy-di-rollout-plan.md
[2026-04-10T17:30:16.045Z] cwd=/Users/astahmer/dev/work-related/welii
git remote get-url origin
[2026-04-10T17:30:16.224Z] cwd=/Users/astahmer/dev/work-related/welii
jj diff --summary -r 76653bbe5d47
[2026-04-10T17:30:16.257Z] cwd=/Users/astahmer/dev/work-related/welii
jj diff --summary -r 76653bbe5d47
[2026-04-10T17:30:16.263Z] cwd=/Users/astahmer/dev/work-related/welii
jj evolog --no-graph --summary --limit 200 -r b81c91c2ac8c
[2026-04-10T17:30:16.306Z] cwd=/Users/astahmer/dev/work-related/welii
jj diff --summary -r 76653bbe5d47
[2026-04-10T17:30:16.309Z] cwd=/Users/astahmer/dev/work-related/welii
jj file show -r 76653bbe5d47- apps/backend/instructions/lazy-di-rollout-plan.md
[2026-04-10T17:30:16.311Z] cwd=/Users/astahmer/dev/work-related/welii
jj evolog --no-graph --summary --limit 200 -r b81c91c2ac8c
[2026-04-10T17:30:16.431Z] cwd=/Users/astahmer/dev/work-related/welii
jj diff --summary -r b81c91c2ac8c
[2026-04-10T17:30:16.458Z] cwd=/Users/astahmer/dev/work-related/welii
jj diff --summary -r b81c91c2ac8c
[2026-04-10T17:30:16.480Z] cwd=/Users/astahmer/dev/work-related/welii
jj file show -r 76653bbe5d47 apps/backend/instructions/lazy-di-rollout-plan.md
[2026-04-10T17:30:16.569Z] cwd=/Users/astahmer/dev/work-related/welii
jj diff --summary -r 4e841158ae85
[2026-04-10T17:30:16.575Z] cwd=/Users/astahmer/dev/work-related/welii
jj diff --summary -r 4e841158ae85
[2026-04-10T17:30:16.647Z] cwd=/Users/astahmer/dev/work-related/welii
jj diff --summary -r 69ceeb779513
[2026-04-10T17:30:16.661Z] cwd=/Users/astahmer/dev/work-related/welii
jj diff --summary -r 69ceeb779513
[2026-04-10T17:30:16.726Z] cwd=/Users/astahmer/dev/work-related/welii
jj diff --summary -r 160460119a63
[2026-04-10T17:30:16.754Z] cwd=/Users/astahmer/dev/work-related/welii
jj diff --summary -r 160460119a63
[2026-04-10T17:30:16.836Z] cwd=/Users/astahmer/dev/work-related/welii
jj diff --summary -r 1f598c19ae79
[2026-04-10T17:30:16.851Z] cwd=/Users/astahmer/dev/work-related/welii
jj diff --summary -r 1f598c19ae79
[2026-04-10T17:30:16.912Z] cwd=/Users/astahmer/dev/work-related/welii
jj diff --summary -r 50422e4c1466
[2026-04-10T17:30:16.926Z] cwd=/Users/astahmer/dev/work-related/welii
jj diff --summary -r 50422e4c1466
[2026-04-10T17:30:16.999Z] cwd=/Users/astahmer/dev/work-related/welii
jj diff --summary -r 99186447512d
[2026-04-10T17:30:17.010Z] cwd=/Users/astahmer/dev/work-related/welii
jj diff --summary -r 99186447512d
[2026-04-10T17:30:17.076Z] cwd=/Users/astahmer/dev/work-related/welii
jj file show -r 99186447512d- apps/backend/instructions/lazy-di-rollout-plan.md
[2026-04-10T17:30:17.089Z] cwd=/Users/astahmer/dev/work-related/welii
jj file show -r 99186447512d- apps/backend/instructions/lazy-di-rollout-plan.md
[2026-04-10T17:30:17.141Z] cwd=/Users/astahmer/dev/work-related/welii
jj file show -r 99186447512d apps/backend/instructions/lazy-di-rollout-plan.md
[2026-04-10T17:30:17.161Z] cwd=/Users/astahmer/dev/work-related/welii
jj file show -r 99186447512d apps/backend/instructions/lazy-di-rollout-plan.md
[2026-04-10T17:30:17.214Z] cwd=/Users/astahmer/dev/work-related/welii
jj evolog --no-graph --summary --limit 200 -r 76653bbe5d47
[2026-04-10T17:30:17.220Z] cwd=/Users/astahmer/dev/work-related/welii
jj evolog --no-graph --summary --limit 200 -r 76653bbe5d47
[2026-04-10T17:30:17.224Z] cwd=/Users/astahmer/dev/work-related/welii
jj file show -r 50422e4c1466- apps/backend/instructions/lazy-di-rollout-plan.md
[2026-04-10T17:30:17.321Z] cwd=/Users/astahmer/dev/work-related/welii
jj file show -r 50422e4c1466 apps/backend/instructions/lazy-di-rollout-plan.md
[2026-04-10T17:30:17.337Z] cwd=/Users/astahmer/dev/work-related/welii
jj evolog --no-graph --summary --limit 200 -r 9327aaf3b6cb
[2026-04-10T17:30:17.351Z] cwd=/Users/astahmer/dev/work-related/welii
jj evolog --no-graph --summary --limit 200 -r 9327aaf3b6cb
[2026-04-10T17:30:17.390Z] cwd=/Users/astahmer/dev/work-related/welii
jj file show -r 1f598c19ae79- apps/backend/instructions/lazy-di-rollout-plan.md
[2026-04-10T17:30:17.458Z] cwd=/Users/astahmer/dev/work-related/welii
jj file show -r 1f598c19ae79 apps/backend/instructions/lazy-di-rollout-plan.md
[2026-04-10T17:30:17.517Z] cwd=/Users/astahmer/dev/work-related/welii
jj file show -r 160460119a63- apps/backend/instructions/lazy-di-rollout-plan.md
[2026-04-10T17:30:17.560Z] cwd=/Users/astahmer/dev/work-related/welii
jj evolog --no-graph --summary --limit 200 -r 99186447512d
[2026-04-10T17:30:17.563Z] cwd=/Users/astahmer/dev/work-related/welii
jj evolog --no-graph --summary --limit 200 -r 99186447512d
[2026-04-10T17:30:17.577Z] cwd=/Users/astahmer/dev/work-related/welii
jj file show -r 160460119a63 apps/backend/instructions/lazy-di-rollout-plan.md
[2026-04-10T17:30:17.663Z] cwd=/Users/astahmer/dev/work-related/welii
jj file show -r 69ceeb779513- apps/backend/instructions/lazy-di-rollout-plan.md
[2026-04-10T17:30:17.741Z] cwd=/Users/astahmer/dev/work-related/welii
jj file show -r 69ceeb779513 apps/backend/instructions/lazy-di-rollout-plan.md
[2026-04-10T17:30:17.820Z] cwd=/Users/astahmer/dev/work-related/welii
jj file show -r 4e841158ae85- apps/backend/instructions/lazy-di-rollout-plan.md
[2026-04-10T17:30:17.899Z] cwd=/Users/astahmer/dev/work-related/welii
jj file show -r 4e841158ae85 apps/backend/instructions/lazy-di-rollout-plan.md
[2026-04-10T17:30:17.960Z] cwd=/Users/astahmer/dev/work-related/welii
jj file show -r b81c91c2ac8c- apps/backend/instructions/lazy-di-rollout-plan.md
[2026-04-10T17:30:18.025Z] cwd=/Users/astahmer/dev/work-related/welii
jj file show -r b81c91c2ac8c apps/backend/instructions/lazy-di-rollout-plan.md
[2026-04-10T17:30:18.088Z] cwd=/Users/astahmer/dev/work-related/welii
jj evolog --no-graph --summary --limit 200 -r 50422e4c1466
[2026-04-10T17:30:18.114Z] cwd=/Users/astahmer/dev/work-related/welii
jj evolog --no-graph --summary --limit 200 -r 50422e4c1466
[2026-04-10T17:30:18.282Z] cwd=/Users/astahmer/dev/work-related/welii
jj evolog --no-graph --summary --limit 200 -r 1f598c19ae79
[2026-04-10T17:30:18.306Z] cwd=/Users/astahmer/dev/work-related/welii
jj evolog --no-graph --summary --limit 200 -r 1f598c19ae79
[2026-04-10T17:30:18.485Z] cwd=/Users/astahmer/dev/work-related/welii
jj evolog --no-graph --summary --limit 200 -r 160460119a63
[2026-04-10T17:30:18.510Z] cwd=/Users/astahmer/dev/work-related/welii
jj evolog --no-graph --summary --limit 200 -r 160460119a63
[2026-04-10T17:30:18.666Z] cwd=/Users/astahmer/dev/work-related/welii
jj evolog --no-graph --summary --limit 200 -r 69ceeb779513
[2026-04-10T17:30:18.688Z] cwd=/Users/astahmer/dev/work-related/welii
jj evolog --no-graph --summary --limit 200 -r 69ceeb779513
[2026-04-10T17:30:18.820Z] cwd=/Users/astahmer/dev/work-related/welii
jj file show -r 99186447512d- apps/backend/instructions/lazy-di-rollout-plan.md
[2026-04-10T17:30:18.821Z] cwd=/Users/astahmer/dev/work-related/welii
jj evolog --no-graph --summary --limit 200 -r 4e841158ae85
[2026-04-10T17:30:18.827Z] cwd=/Users/astahmer/dev/work-related/welii
jj file show -r 76653bbe5d47- apps/backend/instructions/lazy-di-rollout-plan.md
[2026-04-10T17:30:18.840Z] cwd=/Users/astahmer/dev/work-related/welii
jj evolog --no-graph --summary --limit 200 -r 4e841158ae85
[2026-04-10T17:30:18.846Z] cwd=/Users/astahmer/dev/work-related/welii
jj file show -r 76653bbe5d47- apps/backend/instructions/lazy-di-rollout-plan.md
[2026-04-10T17:30:19.013Z] cwd=/Users/astahmer/dev/work-related/welii
jj file show -r 50422e4c1466- apps/backend/instructions/lazy-di-rollout-plan.md
[2026-04-10T17:30:19.076Z] cwd=/Users/astahmer/dev/work-related/welii
jj file show -r 1f598c19ae79- apps/backend/instructions/lazy-di-rollout-plan.md
[2026-04-10T17:30:19.134Z] cwd=/Users/astahmer/dev/work-related/welii
jj file show -r 160460119a63- apps/backend/instructions/lazy-di-rollout-plan.md
[2026-04-10T17:30:19.192Z] cwd=/Users/astahmer/dev/work-related/welii
jj file show -r 69ceeb779513- apps/backend/instructions/lazy-di-rollout-plan.md
[2026-04-10T17:30:19.249Z] cwd=/Users/astahmer/dev/work-related/welii
jj file show -r 4e841158ae85- apps/backend/instructions/lazy-di-rollout-plan.md
[2026-04-10T17:30:19.307Z] cwd=/Users/astahmer/dev/work-related/welii
jj file show -r 76653bbe5d47- apps/backend/instructions/lazy-di-rollout-plan.md
[2026-04-10T17:30:19.312Z] cwd=/Users/astahmer/dev/work-related/welii
jj file show -r 99186447512d- apps/backend/instructions/lazy-di-rollout-plan.md
[2026-04-10T17:30:19.394Z] cwd=/Users/astahmer/dev/work-related/welii
jj file show -r 50422e4c1466- apps/backend/instructions/lazy-di-rollout-plan.md
[2026-04-10T17:30:19.404Z] cwd=/Users/astahmer/dev/work-related/welii
jj file show -r 76653bbe5d47- apps/backend/instructions/lazy-di-rollout-plan.md
[2026-04-10T17:30:19.466Z] cwd=/Users/astahmer/dev/work-related/welii
jj file show -r 99186447512d- apps/backend/instructions/lazy-di-rollout-plan.md
[2026-04-10T17:30:19.534Z] cwd=/Users/astahmer/dev/work-related/welii
jj file show -r 1f598c19ae79- apps/backend/instructions/lazy-di-rollout-plan.md
[2026-04-10T17:30:19.590Z] cwd=/Users/astahmer/dev/work-related/welii
jj file show -r 160460119a63- apps/backend/instructions/lazy-di-rollout-plan.md
[2026-04-10T17:30:19.649Z] cwd=/Users/astahmer/dev/work-related/welii
jj file show -r 69ceeb779513- apps/backend/instructions/lazy-di-rollout-plan.md
[2026-04-10T17:30:19.705Z] cwd=/Users/astahmer/dev/work-related/welii
jj file show -r 4e841158ae85- apps/backend/instructions/lazy-di-rollout-plan.md
[2026-04-10T17:30:19.761Z] cwd=/Users/astahmer/dev/work-related/welii
jj file show -r b81c91c2ac8c- apps/backend/instructions/lazy-di-rollout-plan.md
