[2026-04-10T17:56:53.329Z] cwd=/Users/astahmer/dev/work-related/welii
jj root
[2026-04-10T17:56:53.341Z] cwd=/Users/astahmer/dev/work-related/welii
git ls-files --cached --others --exclude-standard -z
[2026-04-10T17:56:53.376Z] cwd=/Users/astahmer/dev/work-related/welii
jj log --no-graph --limit 200 -T 'commit_id.short() ++ "\t" ++ change_id.shortest() ++ "\t" ++ author.timestamp().format("%Y-%m-%dT%H:%M:%S%:z") ++ "\t" ++ author.name() ++ "\t" ++ description.first_line() ++ "\n"' 'root-file:"apps/backend/instructions/lazy-di-rollout-plan.md"'
[2026-04-10T17:56:53.760Z] cwd=/Users/astahmer/dev/work-related/welii
jj log --no-graph --limit 200 -T 'commit_id.short() ++ "\t" ++ change_id.shortest() ++ "\t" ++ author.timestamp().format("%Y-%m-%dT%H:%M:%S%:z") ++ "\t" ++ author.name() ++ "\t" ++ description.first_line() ++ "\n"'
[2026-04-10T17:56:53.827Z] cwd=/Users/astahmer/dev/work-related/welii
jj file show -r 76653bbe5d47 apps/backend/instructions/lazy-di-rollout-plan.md
[2026-04-10T17:56:53.889Z] cwd=/Users/astahmer/dev/work-related/welii
git remote get-url origin
[2026-04-10T17:56:54.083Z] cwd=/Users/astahmer/dev/work-related/welii
jj diff --summary -r 76653bbe5d47
[2026-04-10T17:56:54.095Z] cwd=/Users/astahmer/dev/work-related/welii
jj diff --summary -r 76653bbe5d47
[2026-04-10T17:56:54.164Z] cwd=/Users/astahmer/dev/work-related/welii
jj diff --summary -r b81c91c2ac8c
[2026-04-10T17:56:54.172Z] cwd=/Users/astahmer/dev/work-related/welii
jj file show -r b81c91c2ac8c apps/backend/instructions/lazy-di-rollout-plan.md
[2026-04-10T17:56:54.242Z] cwd=/Users/astahmer/dev/work-related/welii
jj diff --summary -r 4e841158ae85
[2026-04-10T17:56:54.244Z] cwd=/Users/astahmer/dev/work-related/welii
jj file show -r 76653bbe5d47 apps/backend/instructions/lazy-di-rollout-plan.md
[2026-04-10T17:56:54.317Z] cwd=/Users/astahmer/dev/work-related/welii
jj diff --summary -r 69ceeb779513
[2026-04-10T17:56:54.380Z] cwd=/Users/astahmer/dev/work-related/welii
jj diff --summary -r 160460119a63
[2026-04-10T17:56:54.439Z] cwd=/Users/astahmer/dev/work-related/welii
jj diff --summary -r 1f598c19ae79
[2026-04-10T17:56:54.498Z] cwd=/Users/astahmer/dev/work-related/welii
jj diff --summary -r 50422e4c1466
[2026-04-10T17:56:54.561Z] cwd=/Users/astahmer/dev/work-related/welii
jj diff --summary -r 99186447512d
[2026-04-10T17:56:54.621Z] cwd=/Users/astahmer/dev/work-related/welii
jj file show -r 9327aaf3b6cb apps/backend/instructions/lazy-di-rollout-plan.md
[2026-04-10T17:56:54.674Z] cwd=/Users/astahmer/dev/work-related/welii
jj file show -r 99186447512d apps/backend/instructions/lazy-di-rollout-plan.md
[2026-04-10T17:56:54.729Z] cwd=/Users/astahmer/dev/work-related/welii
jj file show -r 50422e4c1466 apps/backend/instructions/lazy-di-rollout-plan.md
[2026-04-10T17:56:54.784Z] cwd=/Users/astahmer/dev/work-related/welii
jj file show -r 1f598c19ae79 apps/backend/instructions/lazy-di-rollout-plan.md
[2026-04-10T17:56:54.861Z] cwd=/Users/astahmer/dev/work-related/welii
jj file show -r 160460119a63 apps/backend/instructions/lazy-di-rollout-plan.md
[2026-04-10T17:56:54.916Z] cwd=/Users/astahmer/dev/work-related/welii
jj file show -r 69ceeb779513 apps/backend/instructions/lazy-di-rollout-plan.md
[2026-04-10T17:56:54.982Z] cwd=/Users/astahmer/dev/work-related/welii
jj file show -r 4e841158ae85 apps/backend/instructions/lazy-di-rollout-plan.md
